=== RUN   TestEventLoopWorkerLimits
{"timestamp":"2026-02-28T19:26:14.3955364+06:00","level":"INFO","msg":"ephemeral_task_started","service.name":"aethercore","service.version":"v0.1.0","task_id":"t","worker_id":1}
{"timestamp":"2026-02-28T19:26:14.3955364+06:00","level":"INFO","msg":"ephemeral_task_started","service.name":"aethercore","service.version":"v0.1.0","task_id":"t","worker_id":0}
{"timestamp":"2026-02-28T19:26:14.3955364+06:00","level":"INFO","msg":"ephemeral_task_completed","service.name":"aethercore","service.version":"v0.1.0","task_id":"t","worker_id":1,"duration_ms":0}
{"timestamp":"2026-02-28T19:26:14.3955364+06:00","level":"INFO","msg":"ephemeral_task_started","service.name":"aethercore","service.version":"v0.1.0","task_id":"t","worker_id":1}
{"timestamp":"2026-02-28T19:26:14.3955364+06:00","level":"INFO","msg":"ephemeral_task_completed","service.name":"aethercore","service.version":"v0.1.0","task_id":"t","worker_id":0,"duration_ms":0}
{"timestamp":"2026-02-28T19:26:14.3955364+06:00","level":"INFO","msg":"ephemeral_task_completed","service.name":"aethercore","service.version":"v0.1.0","task_id":"t","worker_id":1,"duration_ms":0}
{"timestamp":"2026-02-28T19:26:14.3955364+06:00","level":"INFO","msg":"ephemeral_task_started","service.name":"aethercore","service.version":"v0.1.0","task_id":"t","worker_id":1}
{"timestamp":"2026-02-28T19:26:14.3955364+06:00","level":"INFO","msg":"ephemeral_task_started","service.name":"aethercore","service.version":"v0.1.0","task_id":"t","worker_id":0}
{"timestamp":"2026-02-28T19:26:14.3955364+06:00","level":"INFO","msg":"ephemeral_task_completed","service.name":"aethercore","service.version":"v0.1.0","task_id":"t","worker_id":1,"duration_ms":0}
{"timestamp":"2026-02-28T19:26:14.3955364+06:00","level":"INFO","msg":"ephemeral_task_completed","service.name":"aethercore","service.version":"v0.1.0","task_id":"t","worker_id":0,"duration_ms":0}
    event_loop_test.go:56: Unexpected output: 
    event_loop_test.go:56: Unexpected output: 
    event_loop_test.go:56: Unexpected output: 
    event_loop_test.go:56: Unexpected output: 
    event_loop_test.go:56: Unexpected output: 
--- FAIL: TestEventLoopWorkerLimits (0.00s)
=== RUN   TestEventLoopGoroutineLeak
{"timestamp":"2026-02-28T19:26:14.3961351+06:00","level":"INFO","msg":"ephemeral_task_started","service.name":"aethercore","service.version":"v0.1.0","task_id":"leak_test","worker_id":2}
{"timestamp":"2026-02-28T19:26:14.3961351+06:00","level":"INFO","msg":"ephemeral_task_completed","service.name":"aethercore","service.version":"v0.1.0","task_id":"leak_test","worker_id":2,"duration_ms":0}
{"timestamp":"2026-02-28T19:26:14.3961351+06:00","level":"INFO","msg":"ephemeral_task_started","service.name":"aethercore","service.version":"v0.1.0","task_id":"leak_test","worker_id":1}
{"timestamp":"2026-02-28T19:26:14.3961351+06:00","level":"INFO","msg":"ephemeral_task_completed","service.name":"aethercore","service.version":"v0.1.0","task_id":"leak_test","worker_id":1,"duration_ms":0}
{"timestamp":"2026-02-28T19:26:14.3961351+06:00","level":"INFO","msg":"ephemeral_task_started","service.name":"aethercore","service.version":"v0.1.0","task_id":"leak_test","worker_id":1}
{"timestamp":"2026-02-28T19:26:14.3961351+06:00","level":"INFO","msg":"ephemeral_task_completed","service.name":"aethercore","service.version":"v0.1.0","task_id":"leak_test","worker_id":1,"duration_ms":0}
{"timestamp":"2026-02-28T19:26:14.3961351+06:00","level":"INFO","msg":"ephemeral_task_started","service.name":"aethercore","service.version":"v0.1.0","task_id":"leak_test","worker_id":2}
{"timestamp":"2026-02-28T19:26:14.3961351+06:00","level":"INFO","msg":"ephemeral_task_completed","service.name":"aethercore","service.version":"v0.1.0","task_id":"leak_test","worker_id":2,"duration_ms":0}
{"timestamp":"2026-02-28T19:26:14.3961351+06:00","level":"INFO","msg":"ephemeral_task_started","service.name":"aethercore","service.version":"v0.1.0","task_id":"leak_test","worker_id":2}
{"timestamp":"2026-02-28T19:26:14.3961351+06:00","level":"INFO","msg":"ephemeral_task_started","service.name":"aethercore","service.version":"v0.1.0","task_id":"leak_test","worker_id":8}
{"timestamp":"2026-02-28T19:26:14.3961351+06:00","level":"INFO","msg":"ephemeral_task_completed","service.name":"aethercore","service.version":"v0.1.0","task_id":"leak_test","worker_id":2,"duration_ms":0}
{"timestamp":"2026-02-28T19:26:14.3961351+06:00","level":"INFO","msg":"ephemeral_task_completed","service.name":"aethercore","service.version":"v0.1.0","task_id":"leak_test","worker_id":8,"duration_ms":0}
{"timestamp":"2026-02-28T19:26:14.3961351+06:00","level":"INFO","msg":"ephemeral_task_started","service.name":"aethercore","service.version":"v0.1.0","task_id":"leak_test","worker_id":2}
{"timestamp":"2026-02-28T19:26:14.3961351+06:00","level":"INFO","msg":"ephemeral_task_started","service.name":"aethercore","service.version":"v0.1.0","task_id":"leak_test","worker_id":8}
{"timestamp":"2026-02-28T19:26:14.3961351+06:00","level":"INFO","msg":"ephemeral_task_started","service.name":"aethercore","service.version":"v0.1.0","task_id":"leak_test","worker_id":1}
{"timestamp":"2026-02-28T19:26:14.3961351+06:00","level":"INFO","msg":"ephemeral_task_completed","service.name":"aethercore","service.version":"v0.1.0","task_id":"leak_test","worker_id":8,"duration_ms":0}
{"timestamp":"2026-02-28T19:26:14.3961351+06:00","level":"INFO","msg":"ephemeral_task_completed","service.name":"aethercore","service.version":"v0.1.0","task_id":"leak_test","worker_id":1,"duration_ms":0}
{"timestamp":"2026-02-28T19:26:14.3961351+06:00","level":"INFO","msg":"ephemeral_task_started","service.name":"aethercore","service.version":"v0.1.0","task_id":"leak_test","worker_id":8}
{"timestamp":"2026-02-28T19:26:14.3961351+06:00","level":"INFO","msg":"ephemeral_task_started","service.name":"aethercore","service.version":"v0.1.0","task_id":"leak_test","worker_id":1}
{"timestamp":"2026-02-28T19:26:14.3961351+06:00","level":"INFO","msg":"ephemeral_task_completed","service.name":"aethercore","service.version":"v0.1.0","task_id":"leak_test","worker_id":8,"duration_ms":0}
{"timestamp":"2026-02-28T19:26:14.3961351+06:00","level":"INFO","msg":"ephemeral_task_completed","service.name":"aethercore","service.version":"v0.1.0","task_id":"leak_test","worker_id":1,"duration_ms":0}
{"timestamp":"2026-02-28T19:26:14.3961351+06:00","level":"INFO","msg":"ephemeral_task_completed","service.name":"aethercore","service.version":"v0.1.0","task_id":"leak_test","worker_id":2,"duration_ms":0}
{"timestamp":"2026-02-28T19:26:14.3961351+06:00","level":"INFO","msg":"ephemeral_task_started","service.name":"aethercore","service.version":"v0.1.0","task_id":"leak_test","worker_id":1}
{"timestamp":"2026-02-28T19:26:14.3961351+06:00","level":"INFO","msg":"ephemeral_task_started","service.name":"aethercore","service.version":"v0.1.0","task_id":"leak_test","worker_id":2}
{"timestamp":"2026-02-28T19:26:14.3961351+06:00","level":"INFO","msg":"ephemeral_task_completed","service.name":"aethercore","service.version":"v0.1.0","task_id":"leak_test","worker_id":1,"duration_ms":0}
{"timestamp":"2026-02-28T19:26:14.3961351+06:00","level":"INFO","msg":"ephemeral_task_completed","service.name":"aethercore","service.version":"v0.1.0","task_id":"leak_test","worker_id":2,"duration_ms":0}
{"timestamp":"2026-02-28T19:26:14.3961351+06:00","level":"INFO","msg":"ephemeral_task_started","service.name":"aethercore","service.version":"v0.1.0","task_id":"leak_test","worker_id":1}
{"timestamp":"2026-02-28T19:26:14.3961351+06:00","level":"INFO","msg":"ephemeral_task_started","service.name":"aethercore","service.version":"v0.1.0","task_id":"leak_test","worker_id":2}
{"timestamp":"2026-02-28T19:26:14.3961351+06:00","level":"INFO","msg":"ephemeral_task_completed","service.name":"aethercore","service.version":"v0.1.0","task_id":"leak_test","worker_id":1,"duration_ms":0}
{"timestamp":"2026-02-28T19:26:14.3961351+06:00","level":"INFO","msg":"ephemeral_task_completed","service.name":"aethercore","service.version":"v0.1.0","task_id":"leak_test","worker_id":2,"duration_ms":0}
{"timestamp":"2026-02-28T19:26:14.3961351+06:00","level":"INFO","msg":"ephemeral_task_started","service.name":"aethercore","service.version":"v0.1.0","task_id":"leak_test","worker_id":1}
{"timestamp":"2026-02-28T19:26:14.3961351+06:00","level":"INFO","msg":"ephemeral_task_completed","service.name":"aethercore","service.version":"v0.1.0","task_id":"leak_test","worker_id":1,"duration_ms":0}
{"timestamp":"2026-02-28T19:26:14.3961351+06:00","level":"INFO","msg":"ephemeral_task_started","service.name":"aethercore","service.version":"v0.1.0","task_id":"leak_test","worker_id":5}
{"timestamp":"2026-02-28T19:26:14.3961351+06:00","level":"INFO","msg":"ephemeral_task_started","service.name":"aethercore","service.version":"v0.1.0","task_id":"leak_test","worker_id":8}
{"timestamp":"2026-02-28T19:26:14.3961351+06:00","level":"INFO","msg":"ephemeral_task_completed","service.name":"aethercore","service.version":"v0.1.0","task_id":"leak_test","worker_id":5,"duration_ms":0}
{"timestamp":"2026-02-28T19:26:14.3961351+06:00","level":"INFO","msg":"ephemeral_task_started","service.name":"aethercore","service.version":"v0.1.0","task_id":"leak_test","worker_id":1}
{"timestamp":"2026-02-28T19:26:14.3961351+06:00","level":"INFO","msg":"ephemeral_task_started","service.name":"aethercore","service.version":"v0.1.0","task_id":"leak_test","worker_id":5}
{"timestamp":"2026-02-28T19:26:14.3961351+06:00","level":"INFO","msg":"ephemeral_task_completed","service.name":"aethercore","service.version":"v0.1.0","task_id":"leak_test","worker_id":1,"duration_ms":0}
{"timestamp":"2026-02-28T19:26:14.3961351+06:00","level":"INFO","msg":"ephemeral_task_completed","service.name":"aethercore","service.version":"v0.1.0","task_id":"leak_test","worker_id":5,"duration_ms":0}
{"timestamp":"2026-02-28T19:26:14.3961351+06:00","level":"INFO","msg":"ephemeral_task_started","service.name":"aethercore","service.version":"v0.1.0","task_id":"leak_test","worker_id":1}
{"timestamp":"2026-02-28T19:26:14.3961351+06:00","level":"INFO","msg":"ephemeral_task_started","service.name":"aethercore","service.version":"v0.1.0","task_id":"leak_test","worker_id":4}
{"timestamp":"2026-02-28T19:26:14.3961351+06:00","level":"INFO","msg":"ephemeral_task_started","service.name":"aethercore","service.version":"v0.1.0","task_id":"leak_test","worker_id":0}
{"timestamp":"2026-02-28T19:26:14.3961351+06:00","level":"INFO","msg":"ephemeral_task_started","service.name":"aethercore","service.version":"v0.1.0","task_id":"leak_test","worker_id":6}
{"timestamp":"2026-02-28T19:26:14.3961351+06:00","level":"INFO","msg":"ephemeral_task_started","service.name":"aethercore","service.version":"v0.1.0","task_id":"leak_test","worker_id":7}
{"timestamp":"2026-02-28T19:26:14.3961351+06:00","level":"INFO","msg":"ephemeral_task_completed","service.name":"aethercore","service.version":"v0.1.0","task_id":"leak_test","worker_id":6,"duration_ms":0}
{"timestamp":"2026-02-28T19:26:14.3966509+06:00","level":"INFO","msg":"ephemeral_task_completed","service.name":"aethercore","service.version":"v0.1.0","task_id":"leak_test","worker_id":7,"duration_ms":0}
{"timestamp":"2026-02-28T19:26:14.3966509+06:00","level":"INFO","msg":"ephemeral_task_started","service.name":"aethercore","service.version":"v0.1.0","task_id":"leak_test","worker_id":6}
{"timestamp":"2026-02-28T19:26:14.3966509+06:00","level":"INFO","msg":"ephemeral_task_completed","service.name":"aethercore","service.version":"v0.1.0","task_id":"leak_test","worker_id":6,"duration_ms":0}
{"timestamp":"2026-02-28T19:26:14.3966509+06:00","level":"INFO","msg":"ephemeral_task_started","service.name":"aethercore","service.version":"v0.1.0","task_id":"leak_test","worker_id":7}
{"timestamp":"2026-02-28T19:26:14.3966509+06:00","level":"INFO","msg":"ephemeral_task_started","service.name":"aethercore","service.version":"v0.1.0","task_id":"leak_test","worker_id":6}
{"timestamp":"2026-02-28T19:26:14.3966509+06:00","level":"INFO","msg":"ephemeral_task_completed","service.name":"aethercore","service.version":"v0.1.0","task_id":"leak_test","worker_id":7,"duration_ms":0}
{"timestamp":"2026-02-28T19:26:14.3966509+06:00","level":"INFO","msg":"ephemeral_task_completed","service.name":"aethercore","service.version":"v0.1.0","task_id":"leak_test","worker_id":6,"duration_ms":0}
{"timestamp":"2026-02-28T19:26:14.3966509+06:00","level":"INFO","msg":"ephemeral_task_started","service.name":"aethercore","service.version":"v0.1.0","task_id":"leak_test","worker_id":7}
{"timestamp":"2026-02-28T19:26:14.3966509+06:00","level":"INFO","msg":"ephemeral_task_started","service.name":"aethercore","service.version":"v0.1.0","task_id":"leak_test","worker_id":6}
{"timestamp":"2026-02-28T19:26:14.3966509+06:00","level":"INFO","msg":"ephemeral_task_completed","service.name":"aethercore","service.version":"v0.1.0","task_id":"leak_test","worker_id":7,"duration_ms":0}
{"timestamp":"2026-02-28T19:26:14.3966509+06:00","level":"INFO","msg":"ephemeral_task_completed","service.name":"aethercore","service.version":"v0.1.0","task_id":"leak_test","worker_id":6,"duration_ms":0}
{"timestamp":"2026-02-28T19:26:14.3966509+06:00","level":"INFO","msg":"ephemeral_task_started","service.name":"aethercore","service.version":"v0.1.0","task_id":"leak_test","worker_id":7}
{"timestamp":"2026-02-28T19:26:14.3966509+06:00","level":"INFO","msg":"ephemeral_task_started","service.name":"aethercore","service.version":"v0.1.0","task_id":"leak_test","worker_id":6}
{"timestamp":"2026-02-28T19:26:14.3966509+06:00","level":"INFO","msg":"ephemeral_task_completed","service.name":"aethercore","service.version":"v0.1.0","task_id":"leak_test","worker_id":4,"duration_ms":515800}
{"timestamp":"2026-02-28T19:26:14.3966509+06:00","level":"INFO","msg":"ephemeral_task_started","service.name":"aethercore","service.version":"v0.1.0","task_id":"leak_test","worker_id":4}
{"timestamp":"2026-02-28T19:26:14.3966509+06:00","level":"INFO","msg":"ephemeral_task_completed","service.name":"aethercore","service.version":"v0.1.0","task_id":"leak_test","worker_id":4,"duration_ms":0}
{"timestamp":"2026-02-28T19:26:14.3966509+06:00","level":"INFO","msg":"ephemeral_task_started","service.name":"aethercore","service.version":"v0.1.0","task_id":"leak_test","worker_id":4}
{"timestamp":"2026-02-28T19:26:14.3966509+06:00","level":"INFO","msg":"ephemeral_task_completed","service.name":"aethercore","service.version":"v0.1.0","task_id":"leak_test","worker_id":4,"duration_ms":0}
{"timestamp":"2026-02-28T19:26:14.3966509+06:00","level":"INFO","msg":"ephemeral_task_started","service.name":"aethercore","service.version":"v0.1.0","task_id":"leak_test","worker_id":4}
{"timestamp":"2026-02-28T19:26:14.3961351+06:00","level":"INFO","msg":"ephemeral_task_started","service.name":"aethercore","service.version":"v0.1.0","task_id":"leak_test","worker_id":3}
{"timestamp":"2026-02-28T19:26:14.3966509+06:00","level":"INFO","msg":"ephemeral_task_completed","service.name":"aethercore","service.version":"v0.1.0","task_id":"leak_test","worker_id":4,"duration_ms":0}
{"timestamp":"2026-02-28T19:26:14.3966509+06:00","level":"INFO","msg":"ephemeral_task_completed","service.name":"aethercore","service.version":"v0.1.0","task_id":"leak_test","worker_id":3,"duration_ms":515800}
{"timestamp":"2026-02-28T19:26:14.3966509+06:00","level":"INFO","msg":"ephemeral_task_started","service.name":"aethercore","service.version":"v0.1.0","task_id":"leak_test","worker_id":4}
{"timestamp":"2026-02-28T19:26:14.3966509+06:00","level":"INFO","msg":"ephemeral_task_completed","service.name":"aethercore","service.version":"v0.1.0","task_id":"leak_test","worker_id":4,"duration_ms":0}
{"timestamp":"2026-02-28T19:26:14.3966509+06:00","level":"INFO","msg":"ephemeral_task_started","service.name":"aethercore","service.version":"v0.1.0","task_id":"leak_test","worker_id":3}
{"timestamp":"2026-02-28T19:26:14.3966509+06:00","level":"INFO","msg":"ephemeral_task_started","service.name":"aethercore","service.version":"v0.1.0","task_id":"leak_test","worker_id":4}
{"timestamp":"2026-02-28T19:26:14.3966509+06:00","level":"INFO","msg":"ephemeral_task_completed","service.name":"aethercore","service.version":"v0.1.0","task_id":"leak_test","worker_id":3,"duration_ms":0}
{"timestamp":"2026-02-28T19:26:14.3966509+06:00","level":"INFO","msg":"ephemeral_task_completed","service.name":"aethercore","service.version":"v0.1.0","task_id":"leak_test","worker_id":7,"duration_ms":0}
{"timestamp":"2026-02-28T19:26:14.3966509+06:00","level":"INFO","msg":"ephemeral_task_started","service.name":"aethercore","service.version":"v0.1.0","task_id":"leak_test","worker_id":3}
{"timestamp":"2026-02-28T19:26:14.3966509+06:00","level":"INFO","msg":"ephemeral_task_completed","service.name":"aethercore","service.version":"v0.1.0","task_id":"leak_test","worker_id":4,"duration_ms":0}
{"timestamp":"2026-02-28T19:26:14.3961351+06:00","level":"INFO","msg":"ephemeral_task_completed","service.name":"aethercore","service.version":"v0.1.0","task_id":"leak_test","worker_id":8,"duration_ms":0}
{"timestamp":"2026-02-28T19:26:14.3966509+06:00","level":"INFO","msg":"ephemeral_task_started","service.name":"aethercore","service.version":"v0.1.0","task_id":"leak_test","worker_id":9}
{"timestamp":"2026-02-28T19:26:14.3961351+06:00","level":"INFO","msg":"ephemeral_task_started","service.name":"aethercore","service.version":"v0.1.0","task_id":"leak_test","worker_id":2}
{"timestamp":"2026-02-28T19:26:14.3966509+06:00","level":"INFO","msg":"ephemeral_task_completed","service.name":"aethercore","service.version":"v0.1.0","task_id":"leak_test","worker_id":2,"duration_ms":515800}
{"timestamp":"2026-02-28T19:26:14.3961351+06:00","level":"INFO","msg":"ephemeral_task_completed","service.name":"aethercore","service.version":"v0.1.0","task_id":"leak_test","worker_id":0,"duration_ms":0}
{"timestamp":"2026-02-28T19:26:14.3966509+06:00","level":"INFO","msg":"ephemeral_task_started","service.name":"aethercore","service.version":"v0.1.0","task_id":"leak_test","worker_id":2}
{"timestamp":"2026-02-28T19:26:14.3966509+06:00","level":"INFO","msg":"ephemeral_task_completed","service.name":"aethercore","service.version":"v0.1.0","task_id":"leak_test","worker_id":9,"duration_ms":0}
{"timestamp":"2026-02-28T19:26:14.3966509+06:00","level":"INFO","msg":"ephemeral_task_completed","service.name":"aethercore","service.version":"v0.1.0","task_id":"leak_test","worker_id":2,"duration_ms":0}
{"timestamp":"2026-02-28T19:26:14.3961351+06:00","level":"INFO","msg":"ephemeral_task_started","service.name":"aethercore","service.version":"v0.1.0","task_id":"leak_test","worker_id":5}
{"timestamp":"2026-02-28T19:26:14.3966509+06:00","level":"INFO","msg":"ephemeral_task_started","service.name":"aethercore","service.version":"v0.1.0","task_id":"leak_test","worker_id":9}
{"timestamp":"2026-02-28T19:26:14.3966509+06:00","level":"INFO","msg":"ephemeral_task_started","service.name":"aethercore","service.version":"v0.1.0","task_id":"leak_test","worker_id":2}
{"timestamp":"2026-02-28T19:26:14.3966509+06:00","level":"INFO","msg":"ephemeral_task_started","service.name":"aethercore","service.version":"v0.1.0","task_id":"leak_test","worker_id":4}
{"timestamp":"2026-02-28T19:26:14.3966509+06:00","level":"INFO","msg":"ephemeral_task_completed","service.name":"aethercore","service.version":"v0.1.0","task_id":"leak_test","worker_id":5,"duration_ms":515800}
{"timestamp":"2026-02-28T19:26:14.3966509+06:00","level":"INFO","msg":"ephemeral_task_completed","service.name":"aethercore","service.version":"v0.1.0","task_id":"leak_test","worker_id":2,"duration_ms":0}
{"timestamp":"2026-02-28T19:26:14.3966509+06:00","level":"INFO","msg":"ephemeral_task_started","service.name":"aethercore","service.version":"v0.1.0","task_id":"leak_test","worker_id":5}
{"timestamp":"2026-02-28T19:26:14.3966509+06:00","level":"INFO","msg":"ephemeral_task_started","service.name":"aethercore","service.version":"v0.1.0","task_id":"leak_test","worker_id":2}
{"timestamp":"2026-02-28T19:26:14.3966509+06:00","level":"INFO","msg":"ephemeral_task_completed","service.name":"aethercore","service.version":"v0.1.0","task_id":"leak_test","worker_id":5,"duration_ms":0}
{"timestamp":"2026-02-28T19:26:14.3966509+06:00","level":"INFO","msg":"ephemeral_task_started","service.name":"aethercore","service.version":"v0.1.0","task_id":"leak_test","worker_id":0}
{"timestamp":"2026-02-28T19:26:14.3966509+06:00","level":"INFO","msg":"ephemeral_task_started","service.name":"aethercore","service.version":"v0.1.0","task_id":"leak_test","worker_id":5}
{"timestamp":"2026-02-28T19:26:14.3966509+06:00","level":"INFO","msg":"ephemeral_task_completed","service.name":"aethercore","service.version":"v0.1.0","task_id":"leak_test","worker_id":0,"duration_ms":0}
{"timestamp":"2026-02-28T19:26:14.3961351+06:00","level":"INFO","msg":"ephemeral_task_completed","service.name":"aethercore","service.version":"v0.1.0","task_id":"leak_test","worker_id":1,"duration_ms":0}
{"timestamp":"2026-02-28T19:26:14.3966509+06:00","level":"INFO","msg":"ephemeral_task_started","service.name":"aethercore","service.version":"v0.1.0","task_id":"leak_test","worker_id":0}
{"timestamp":"2026-02-28T19:26:14.3966509+06:00","level":"INFO","msg":"ephemeral_task_completed","service.name":"aethercore","service.version":"v0.1.0","task_id":"leak_test","worker_id":5,"duration_ms":0}
{"timestamp":"2026-02-28T19:26:14.3966509+06:00","level":"INFO","msg":"ephemeral_task_started","service.name":"aethercore","service.version":"v0.1.0","task_id":"leak_test","worker_id":1}
{"timestamp":"2026-02-28T19:26:14.3966509+06:00","level":"INFO","msg":"ephemeral_task_completed","service.name":"aethercore","service.version":"v0.1.0","task_id":"leak_test","worker_id":0,"duration_ms":0}
{"timestamp":"2026-02-28T19:26:14.3966509+06:00","level":"INFO","msg":"ephemeral_task_completed","service.name":"aethercore","service.version":"v0.1.0","task_id":"leak_test","worker_id":1,"duration_ms":0}
{"timestamp":"2026-02-28T19:26:14.3966509+06:00","level":"INFO","msg":"ephemeral_task_started","service.name":"aethercore","service.version":"v0.1.0","task_id":"leak_test","worker_id":0}
{"timestamp":"2026-02-28T19:26:14.3966509+06:00","level":"INFO","msg":"ephemeral_task_started","service.name":"aethercore","service.version":"v0.1.0","task_id":"leak_test","worker_id":1}
{"timestamp":"2026-02-28T19:26:14.3966509+06:00","level":"INFO","msg":"ephemeral_task_completed","service.name":"aethercore","service.version":"v0.1.0","task_id":"leak_test","worker_id":0,"duration_ms":0}
{"timestamp":"2026-02-28T19:26:14.3966509+06:00","level":"INFO","msg":"ephemeral_task_completed","service.name":"aethercore","service.version":"v0.1.0","task_id":"leak_test","worker_id":1,"duration_ms":0}
{"timestamp":"2026-02-28T19:26:14.3966509+06:00","level":"INFO","msg":"ephemeral_task_started","service.name":"aethercore","service.version":"v0.1.0","task_id":"leak_test","worker_id":0}
{"timestamp":"2026-02-28T19:26:14.3966509+06:00","level":"INFO","msg":"ephemeral_task_started","service.name":"aethercore","service.version":"v0.1.0","task_id":"leak_test","worker_id":1}
{"timestamp":"2026-02-28T19:26:14.3966509+06:00","level":"INFO","msg":"ephemeral_task_completed","service.name":"aethercore","service.version":"v0.1.0","task_id":"leak_test","worker_id":0,"duration_ms":0}
{"timestamp":"2026-02-28T19:26:14.3966509+06:00","level":"INFO","msg":"ephemeral_task_completed","service.name":"aethercore","service.version":"v0.1.0","task_id":"leak_test","worker_id":1,"duration_ms":0}
{"timestamp":"2026-02-28T19:26:14.3966509+06:00","level":"INFO","msg":"ephemeral_task_started","service.name":"aethercore","service.version":"v0.1.0","task_id":"leak_test","worker_id":0}
{"timestamp":"2026-02-28T19:26:14.3966509+06:00","level":"INFO","msg":"ephemeral_task_started","service.name":"aethercore","service.version":"v0.1.0","task_id":"leak_test","worker_id":1}
{"timestamp":"2026-02-28T19:26:14.3966509+06:00","level":"INFO","msg":"ephemeral_task_completed","service.name":"aethercore","service.version":"v0.1.0","task_id":"leak_test","worker_id":0,"duration_ms":0}
{"timestamp":"2026-02-28T19:26:14.3966509+06:00","level":"INFO","msg":"ephemeral_task_completed","service.name":"aethercore","service.version":"v0.1.0","task_id":"leak_test","worker_id":1,"duration_ms":0}
{"timestamp":"2026-02-28T19:26:14.3966509+06:00","level":"INFO","msg":"ephemeral_task_started","service.name":"aethercore","service.version":"v0.1.0","task_id":"leak_test","worker_id":0}
{"timestamp":"2026-02-28T19:26:14.3966509+06:00","level":"INFO","msg":"ephemeral_task_started","service.name":"aethercore","service.version":"v0.1.0","task_id":"leak_test","worker_id":1}
{"timestamp":"2026-02-28T19:26:14.3966509+06:00","level":"INFO","msg":"ephemeral_task_completed","service.name":"aethercore","service.version":"v0.1.0","task_id":"leak_test","worker_id":0,"duration_ms":0}
{"timestamp":"2026-02-28T19:26:14.3966509+06:00","level":"INFO","msg":"ephemeral_task_completed","service.name":"aethercore","service.version":"v0.1.0","task_id":"leak_test","worker_id":1,"duration_ms":0}
{"timestamp":"2026-02-28T19:26:14.3966509+06:00","level":"INFO","msg":"ephemeral_task_started","service.name":"aethercore","service.version":"v0.1.0","task_id":"leak_test","worker_id":1}
{"timestamp":"2026-02-28T19:26:14.3966509+06:00","level":"INFO","msg":"ephemeral_task_completed","service.name":"aethercore","service.version":"v0.1.0","task_id":"leak_test","worker_id":1,"duration_ms":0}
{"timestamp":"2026-02-28T19:26:14.3966509+06:00","level":"INFO","msg":"ephemeral_task_started","service.name":"aethercore","service.version":"v0.1.0","task_id":"leak_test","worker_id":1}
{"timestamp":"2026-02-28T19:26:14.3966509+06:00","level":"INFO","msg":"ephemeral_task_started","service.name":"aethercore","service.version":"v0.1.0","task_id":"leak_test","worker_id":5}
{"timestamp":"2026-02-28T19:26:14.3966509+06:00","level":"INFO","msg":"ephemeral_task_started","service.name":"aethercore","service.version":"v0.1.0","task_id":"leak_test","worker_id":0}
{"timestamp":"2026-02-28T19:26:14.3966509+06:00","level":"INFO","msg":"ephemeral_task_completed","service.name":"aethercore","service.version":"v0.1.0","task_id":"leak_test","worker_id":1,"duration_ms":0}
{"timestamp":"2026-02-28T19:26:14.3966509+06:00","level":"INFO","msg":"ephemeral_task_completed","service.name":"aethercore","service.version":"v0.1.0","task_id":"leak_test","worker_id":0,"duration_ms":0}
{"timestamp":"2026-02-28T19:26:14.3966509+06:00","level":"INFO","msg":"ephemeral_task_started","service.name":"aethercore","service.version":"v0.1.0","task_id":"leak_test","worker_id":1}
{"timestamp":"2026-02-28T19:26:14.3966509+06:00","level":"INFO","msg":"ephemeral_task_started","service.name":"aethercore","service.version":"v0.1.0","task_id":"leak_test","worker_id":0}
{"timestamp":"2026-02-28T19:26:14.3966509+06:00","level":"INFO","msg":"ephemeral_task_completed","service.name":"aethercore","service.version":"v0.1.0","task_id":"leak_test","worker_id":5,"duration_ms":0}
{"timestamp":"2026-02-28T19:26:14.3966509+06:00","level":"INFO","msg":"ephemeral_task_started","service.name":"aethercore","service.version":"v0.1.0","task_id":"leak_test","worker_id":5}
{"timestamp":"2026-02-28T19:26:14.3966509+06:00","level":"INFO","msg":"ephemeral_task_completed","service.name":"aethercore","service.version":"v0.1.0","task_id":"leak_test","worker_id":5,"duration_ms":0}
{"timestamp":"2026-02-28T19:26:14.3966509+06:00","level":"INFO","msg":"ephemeral_task_completed","service.name":"aethercore","service.version":"v0.1.0","task_id":"leak_test","worker_id":1,"duration_ms":0}
{"timestamp":"2026-02-28T19:26:14.3966509+06:00","level":"INFO","msg":"ephemeral_task_started","service.name":"aethercore","service.version":"v0.1.0","task_id":"leak_test","worker_id":5}
{"timestamp":"2026-02-28T19:26:14.3966509+06:00","level":"INFO","msg":"ephemeral_task_started","service.name":"aethercore","service.version":"v0.1.0","task_id":"leak_test","worker_id":7}
{"timestamp":"2026-02-28T19:26:14.3966509+06:00","level":"INFO","msg":"ephemeral_task_completed","service.name":"aethercore","service.version":"v0.1.0","task_id":"leak_test","worker_id":3,"duration_ms":0}
{"timestamp":"2026-02-28T19:26:14.3966509+06:00","level":"INFO","msg":"ephemeral_task_started","service.name":"aethercore","service.version":"v0.1.0","task_id":"leak_test","worker_id":1}
{"timestamp":"2026-02-28T19:26:14.3966509+06:00","level":"INFO","msg":"ephemeral_task_completed","service.name":"aethercore","service.version":"v0.1.0","task_id":"leak_test","worker_id":1,"duration_ms":0}
{"timestamp":"2026-02-28T19:26:14.3966509+06:00","level":"INFO","msg":"ephemeral_task_started","service.name":"aethercore","service.version":"v0.1.0","task_id":"leak_test","worker_id":3}
{"timestamp":"2026-02-28T19:26:14.3966509+06:00","level":"INFO","msg":"ephemeral_task_started","service.name":"aethercore","service.version":"v0.1.0","task_id":"leak_test","worker_id":1}
{"timestamp":"2026-02-28T19:26:14.3966509+06:00","level":"INFO","msg":"ephemeral_task_completed","service.name":"aethercore","service.version":"v0.1.0","task_id":"leak_test","worker_id":3,"duration_ms":0}
{"timestamp":"2026-02-28T19:26:14.3966509+06:00","level":"INFO","msg":"ephemeral_task_completed","service.name":"aethercore","service.version":"v0.1.0","task_id":"leak_test","worker_id":9,"duration_ms":0}
{"timestamp":"2026-02-28T19:26:14.3966509+06:00","level":"INFO","msg":"ephemeral_task_started","service.name":"aethercore","service.version":"v0.1.0","task_id":"leak_test","worker_id":3}
{"timestamp":"2026-02-28T19:26:14.3966509+06:00","level":"INFO","msg":"ephemeral_task_completed","service.name":"aethercore","service.version":"v0.1.0","task_id":"leak_test","worker_id":4,"duration_ms":0}
{"timestamp":"2026-02-28T19:26:14.3966509+06:00","level":"INFO","msg":"ephemeral_task_completed","service.name":"aethercore","service.version":"v0.1.0","task_id":"leak_test","worker_id":3,"duration_ms":0}
{"timestamp":"2026-02-28T19:26:14.3966509+06:00","level":"INFO","msg":"ephemeral_task_started","service.name":"aethercore","service.version":"v0.1.0","task_id":"leak_test","worker_id":9}
{"timestamp":"2026-02-28T19:26:14.3966509+06:00","level":"INFO","msg":"ephemeral_task_started","service.name":"aethercore","service.version":"v0.1.0","task_id":"leak_test","worker_id":4}
{"timestamp":"2026-02-28T19:26:14.3966509+06:00","level":"INFO","msg":"ephemeral_task_started","service.name":"aethercore","service.version":"v0.1.0","task_id":"leak_test","worker_id":3}
{"timestamp":"2026-02-28T19:26:14.3966509+06:00","level":"INFO","msg":"ephemeral_task_completed","service.name":"aethercore","service.version":"v0.1.0","task_id":"leak_test","worker_id":9,"duration_ms":0}
{"timestamp":"2026-02-28T19:26:14.3966509+06:00","level":"INFO","msg":"ephemeral_task_completed","service.name":"aethercore","service.version":"v0.1.0","task_id":"leak_test","worker_id":4,"duration_ms":0}
{"timestamp":"2026-02-28T19:26:14.3966509+06:00","level":"INFO","msg":"ephemeral_task_completed","service.name":"aethercore","service.version":"v0.1.0","task_id":"leak_test","worker_id":3,"duration_ms":0}
{"timestamp":"2026-02-28T19:26:14.3966509+06:00","level":"INFO","msg":"ephemeral_task_completed","service.name":"aethercore","service.version":"v0.1.0","task_id":"leak_test","worker_id":2,"duration_ms":0}
{"timestamp":"2026-02-28T19:26:14.3966509+06:00","level":"INFO","msg":"ephemeral_task_started","service.name":"aethercore","service.version":"v0.1.0","task_id":"leak_test","worker_id":3}
{"timestamp":"2026-02-28T19:26:14.3966509+06:00","level":"INFO","msg":"ephemeral_task_completed","service.name":"aethercore","service.version":"v0.1.0","task_id":"leak_test","worker_id":6,"duration_ms":0}
{"timestamp":"2026-02-28T19:26:14.3966509+06:00","level":"INFO","msg":"ephemeral_task_started","service.name":"aethercore","service.version":"v0.1.0","task_id":"leak_test","worker_id":2}
{"timestamp":"2026-02-28T19:26:14.3966509+06:00","level":"INFO","msg":"ephemeral_task_started","service.name":"aethercore","service.version":"v0.1.0","task_id":"leak_test","worker_id":6}
{"timestamp":"2026-02-28T19:26:14.3966509+06:00","level":"INFO","msg":"ephemeral_task_completed","service.name":"aethercore","service.version":"v0.1.0","task_id":"leak_test","worker_id":0,"duration_ms":0}
{"timestamp":"2026-02-28T19:26:14.3966509+06:00","level":"INFO","msg":"ephemeral_task_completed","service.name":"aethercore","service.version":"v0.1.0","task_id":"leak_test","worker_id":2,"duration_ms":0}
{"timestamp":"2026-02-28T19:26:14.3966509+06:00","level":"INFO","msg":"ephemeral_task_completed","service.name":"aethercore","service.version":"v0.1.0","task_id":"leak_test","worker_id":6,"duration_ms":0}
{"timestamp":"2026-02-28T19:26:14.3966509+06:00","level":"INFO","msg":"ephemeral_task_completed","service.name":"aethercore","service.version":"v0.1.0","task_id":"leak_test","worker_id":5,"duration_ms":0}
{"timestamp":"2026-02-28T19:26:14.3999355+06:00","level":"INFO","msg":"ephemeral_task_started","service.name":"aethercore","service.version":"v0.1.0","task_id":"leak_test","worker_id":6}
{"timestamp":"2026-02-28T19:26:14.3999355+06:00","level":"INFO","msg":"ephemeral_task_started","service.name":"aethercore","service.version":"v0.1.0","task_id":"leak_test","worker_id":5}
{"timestamp":"2026-02-28T19:26:14.3966509+06:00","level":"INFO","msg":"ephemeral_task_started","service.name":"aethercore","service.version":"v0.1.0","task_id":"leak_test","worker_id":8}
{"timestamp":"2026-02-28T19:26:14.3999355+06:00","level":"INFO","msg":"ephemeral_task_completed","service.name":"aethercore","service.version":"v0.1.0","task_id":"leak_test","worker_id":5,"duration_ms":0}
{"timestamp":"2026-02-28T19:26:14.3999355+06:00","level":"INFO","msg":"ephemeral_task_completed","service.name":"aethercore","service.version":"v0.1.0","task_id":"leak_test","worker_id":6,"duration_ms":0}
{"timestamp":"2026-02-28T19:26:14.3999355+06:00","level":"INFO","msg":"ephemeral_task_started","service.name":"aethercore","service.version":"v0.1.0","task_id":"leak_test","worker_id":5}
{"timestamp":"2026-02-28T19:26:14.3999355+06:00","level":"INFO","msg":"ephemeral_task_completed","service.name":"aethercore","service.version":"v0.1.0","task_id":"leak_test","worker_id":8,"duration_ms":3284600}
{"timestamp":"2026-02-28T19:26:14.3999355+06:00","level":"INFO","msg":"ephemeral_task_started","service.name":"aethercore","service.version":"v0.1.0","task_id":"leak_test","worker_id":8}
{"timestamp":"2026-02-28T19:26:14.3999355+06:00","level":"INFO","msg":"ephemeral_task_completed","service.name":"aethercore","service.version":"v0.1.0","task_id":"leak_test","worker_id":8,"duration_ms":0}
{"timestamp":"2026-02-28T19:26:14.3999355+06:00","level":"INFO","msg":"ephemeral_task_started","service.name":"aethercore","service.version":"v0.1.0","task_id":"leak_test","worker_id":6}
{"timestamp":"2026-02-28T19:26:14.3966509+06:00","level":"INFO","msg":"ephemeral_task_completed","service.name":"aethercore","service.version":"v0.1.0","task_id":"leak_test","worker_id":1,"duration_ms":0}
{"timestamp":"2026-02-28T19:26:14.3999355+06:00","level":"INFO","msg":"ephemeral_task_completed","service.name":"aethercore","service.version":"v0.1.0","task_id":"leak_test","worker_id":6,"duration_ms":0}
{"timestamp":"2026-02-28T19:26:14.3999355+06:00","level":"INFO","msg":"ephemeral_task_started","service.name":"aethercore","service.version":"v0.1.0","task_id":"leak_test","worker_id":1}
{"timestamp":"2026-02-28T19:26:14.3999355+06:00","level":"INFO","msg":"ephemeral_task_started","service.name":"aethercore","service.version":"v0.1.0","task_id":"leak_test","worker_id":6}
{"timestamp":"2026-02-28T19:26:14.3999355+06:00","level":"INFO","msg":"ephemeral_task_completed","service.name":"aethercore","service.version":"v0.1.0","task_id":"leak_test","worker_id":1,"duration_ms":0}
{"timestamp":"2026-02-28T19:26:14.3966509+06:00","level":"INFO","msg":"ephemeral_task_started","service.name":"aethercore","service.version":"v0.1.0","task_id":"leak_test","worker_id":9}
{"timestamp":"2026-02-28T19:26:14.3966509+06:00","level":"INFO","msg":"ephemeral_task_started","service.name":"aethercore","service.version":"v0.1.0","task_id":"leak_test","worker_id":4}
{"timestamp":"2026-02-28T19:26:14.3999355+06:00","level":"INFO","msg":"ephemeral_task_completed","service.name":"aethercore","service.version":"v0.1.0","task_id":"leak_test","worker_id":9,"duration_ms":3284600}
{"timestamp":"2026-02-28T19:26:14.3966509+06:00","level":"INFO","msg":"ephemeral_task_completed","service.name":"aethercore","service.version":"v0.1.0","task_id":"leak_test","worker_id":3,"duration_ms":0}
{"timestamp":"2026-02-28T19:26:14.3999355+06:00","level":"INFO","msg":"ephemeral_task_completed","service.name":"aethercore","service.version":"v0.1.0","task_id":"leak_test","worker_id":4,"duration_ms":3284600}
{"timestamp":"2026-02-28T19:26:14.3966509+06:00","level":"INFO","msg":"ephemeral_task_started","service.name":"aethercore","service.version":"v0.1.0","task_id":"leak_test","worker_id":0}
{"timestamp":"2026-02-28T19:26:14.400696+06:00","level":"INFO","msg":"ephemeral_task_started","service.name":"aethercore","service.version":"v0.1.0","task_id":"leak_test","worker_id":4}
{"timestamp":"2026-02-28T19:26:14.3966509+06:00","level":"INFO","msg":"ephemeral_task_started","service.name":"aethercore","service.version":"v0.1.0","task_id":"leak_test","worker_id":2}
{"timestamp":"2026-02-28T19:26:14.400696+06:00","level":"INFO","msg":"ephemeral_task_completed","service.name":"aethercore","service.version":"v0.1.0","task_id":"leak_test","worker_id":0,"duration_ms":4045100}
{"timestamp":"2026-02-28T19:26:14.400696+06:00","level":"INFO","msg":"ephemeral_task_completed","service.name":"aethercore","service.version":"v0.1.0","task_id":"leak_test","worker_id":4,"duration_ms":0}
{"timestamp":"2026-02-28T19:26:14.400696+06:00","level":"INFO","msg":"ephemeral_task_completed","service.name":"aethercore","service.version":"v0.1.0","task_id":"leak_test","worker_id":2,"duration_ms":4045100}
{"timestamp":"2026-02-28T19:26:14.400696+06:00","level":"INFO","msg":"ephemeral_task_started","service.name":"aethercore","service.version":"v0.1.0","task_id":"leak_test","worker_id":0}
{"timestamp":"2026-02-28T19:26:14.400696+06:00","level":"INFO","msg":"ephemeral_task_started","service.name":"aethercore","service.version":"v0.1.0","task_id":"leak_test","worker_id":2}
{"timestamp":"2026-02-28T19:26:14.400696+06:00","level":"INFO","msg":"ephemeral_task_completed","service.name":"aethercore","service.version":"v0.1.0","task_id":"leak_test","worker_id":0,"duration_ms":0}
{"timestamp":"2026-02-28T19:26:14.3966509+06:00","level":"INFO","msg":"ephemeral_task_completed","service.name":"aethercore","service.version":"v0.1.0","task_id":"leak_test","worker_id":7,"duration_ms":0}
{"timestamp":"2026-02-28T19:26:14.3999355+06:00","level":"INFO","msg":"ephemeral_task_completed","service.name":"aethercore","service.version":"v0.1.0","task_id":"leak_test","worker_id":5,"duration_ms":0}
{"timestamp":"2026-02-28T19:26:14.3999355+06:00","level":"INFO","msg":"ephemeral_task_started","service.name":"aethercore","service.version":"v0.1.0","task_id":"leak_test","worker_id":8}
{"timestamp":"2026-02-28T19:26:14.400696+06:00","level":"INFO","msg":"ephemeral_task_completed","service.name":"aethercore","service.version":"v0.1.0","task_id":"leak_test","worker_id":8,"duration_ms":760500}
{"timestamp":"2026-02-28T19:26:14.3999355+06:00","level":"INFO","msg":"ephemeral_task_completed","service.name":"aethercore","service.version":"v0.1.0","task_id":"leak_test","worker_id":6,"duration_ms":0}
{"timestamp":"2026-02-28T19:26:14.3999355+06:00","level":"INFO","msg":"ephemeral_task_started","service.name":"aethercore","service.version":"v0.1.0","task_id":"leak_test","worker_id":1}
{"timestamp":"2026-02-28T19:26:14.3999355+06:00","level":"INFO","msg":"ephemeral_task_started","service.name":"aethercore","service.version":"v0.1.0","task_id":"leak_test","worker_id":9}
{"timestamp":"2026-02-28T19:26:14.400696+06:00","level":"INFO","msg":"ephemeral_task_completed","service.name":"aethercore","service.version":"v0.1.0","task_id":"leak_test","worker_id":1,"duration_ms":760500}
{"timestamp":"2026-02-28T19:26:14.3999355+06:00","level":"INFO","msg":"ephemeral_task_started","service.name":"aethercore","service.version":"v0.1.0","task_id":"leak_test","worker_id":3}
{"timestamp":"2026-02-28T19:26:14.400696+06:00","level":"INFO","msg":"ephemeral_task_completed","service.name":"aethercore","service.version":"v0.1.0","task_id":"leak_test","worker_id":9,"duration_ms":760500}
{"timestamp":"2026-02-28T19:26:14.400696+06:00","level":"INFO","msg":"ephemeral_task_started","service.name":"aethercore","service.version":"v0.1.0","task_id":"leak_test","worker_id":0}
{"timestamp":"2026-02-28T19:26:14.400696+06:00","level":"INFO","msg":"ephemeral_task_completed","service.name":"aethercore","service.version":"v0.1.0","task_id":"leak_test","worker_id":3,"duration_ms":760500}
{"timestamp":"2026-02-28T19:26:14.400696+06:00","level":"INFO","msg":"ephemeral_task_completed","service.name":"aethercore","service.version":"v0.1.0","task_id":"leak_test","worker_id":2,"duration_ms":0}
{"timestamp":"2026-02-28T19:26:14.400696+06:00","level":"INFO","msg":"ephemeral_task_completed","service.name":"aethercore","service.version":"v0.1.0","task_id":"leak_test","worker_id":0,"duration_ms":0}
--- PASS: TestEventLoopGoroutineLeak (0.02s)
=== RUN   TestStructuredJSONLogger
--- PASS: TestStructuredJSONLogger (0.00s)
=== RUN   TestTelemetryLatency
--- PASS: TestTelemetryLatency (0.00s)
=== RUN   TestTelemetryUninitialized
--- PASS: TestTelemetryUninitialized (0.00s)
FAIL
FAIL	github.com/aethercore/aethercore/core	0.452s
FAIL
